
> app@0.1.0 build
> next build

Ôľ▓ Next.js 16.1.6 (Turbopack)
- Environments: .env

  Creating an optimized production build ...
Ôťô Compiled successfully in 14.0s
  Running TypeScript ...
  Collecting page data using 3 workers ...
npm.cmd : NEXTAUTH_URL points to localhost in production. Set NEXTAUTH_URL to y
our public HTTPS domain.
At line:1 char:1
+ npm.cmd run build > build-output.log 2>&1; Get-Content build-output.l ...
+ ~~~~~~~~~~~~~~~~~~~~~~~~~~~~~~~~~~~~~~~~~
    + CategoryInfo          : NotSpecified: (NEXTAUTH_URL po...c HTTPS domain. 
   :String) [], RemoteException
    + FullyQualifiedErrorId : NativeCommandError
 
NEXTAUTH_URL points to localhost in production. Set NEXTAUTH_URL to your public
 HTTPS domain.
NEXTAUTH_URL points to localhost in production. Set NEXTAUTH_URL to your public
 HTTPS domain.
NEXTAUTH_URL points to localhost in production. Set NEXTAUTH_URL to your public
 HTTPS domain.
NEXTAUTH_URL points to localhost in production. Set NEXTAUTH_URL to your public
 HTTPS domain.
  Generating static pages using 3 workers (0/13) ...
  Generating static pages using 3 workers (3/13) 
  Generating static pages using 3 workers (6/13) 
NEXTAUTH_URL points to localhost in production. Set NEXTAUTH_URL to your public
 HTTPS domain.
  Generating static pages using 3 workers (9/13) 
Ôťô Generating static pages using 3 workers (13/13) in 557.7ms
  Finalizing page optimization ...

Route (app)
Ôöî Ăĺ /
Ôöť ÔŚő /_not-found
Ôöť Ăĺ /api/auth/[...nextauth]
Ôöť Ăĺ /api/events/update-visibility
Ôöť Ăĺ /api/events/upload
Ôöť Ăĺ /dashboard
Ôöť Ăĺ /login
Ôöť Ăĺ /private
Ôöť Ăĺ /private/[slug]
Ôöť Ăĺ /private/add-day
Ôöť Ăĺ /private/events
Ôöť Ăĺ /private/events/[id]
Ôöť Ăĺ /private/events/new
Ôöť Ăĺ /published-days
Ôöť Ăĺ /published-days/[id]
Ôöö Ăĺ /register


ÔŚő  (Static)   prerendered as static content
Ăĺ  (Dynamic)  server-rendered on demand

